{
  "Repo": "",
  "Password": "geheim",
  "PasswordFile": "",
  "Backends": {
    "bar": {
      "Type": "local",
      "User": "",
      "Host": "",
      "Path": "/srv/data/repo"
    },
    "foo": {
      "Type": "local",
      "User": "",
      "Host": "",
      "Path": "/srv/data/repo"
    }
  },
  "Backup": {
    "Target": null,
    "Excludes": null
  }
}
